// Jest Snapshot v1, https://goo.gl/fbAQLP

exports[`renders correctly 1`] = `
<div
  className="reserve-container-top"
>
  <h3>
    My Missions
  </h3>
  <table
    className="table table-bordered"
  >
    <p>
      No Reserved Missions
    </p>
  </table>
</div>
`;
